

================================================================
== Vitis HLS Report for 'filter3x3_orig'
================================================================
* Date:           Wed Jan 17 18:03:03 2024

* Version:        2021.2 (Build 3367213 on Tue Oct 19 02:47:39 MDT 2021)
* Project:        line_buffer_code_C
* Solution:       solution1 (Vivado IP Flow Target)
* Product family: virtexuplus
* Target device:  xcvu9p-flga2104-2-i


================================================================
== Performance Estimates
================================================================
+ Timing: 
    * Summary: 
    +--------+---------+----------+------------+
    |  Clock |  Target | Estimated| Uncertainty|
    +--------+---------+----------+------------+
    |ap_clk  |  6.66 ns|  1.611 ns|     1.80 ns|
    +--------+---------+----------+------------+

+ Latency: 
    * Summary: 
    +---------+---------+----------+----------+-----+-----+---------+
    |  Latency (cycles) |  Latency (absolute) |  Interval | Pipeline|
    |   min   |   max   |    min   |    max   | min | max |   Type  |
    +---------+---------+----------+----------+-----+-----+---------+
    |       70|       70|  0.466 us|  0.466 us|   71|   71|       no|
    +---------+---------+----------+----------+-----+-----+---------+

    + Detail: 
        * Instance: 
        +-------------------------------+---------------------+---------+---------+----------+----------+-----+-----+---------+
        |                               |                     |  Latency (cycles) |  Latency (absolute) |  Interval | Pipeline|
        |            Instance           |        Module       |   min   |   max   |    min   |    max   | min | max |   Type  |
        +-------------------------------+---------------------+---------+---------+----------+----------+-----+-----+---------+
        |grp_convolution_int_3_s_fu_56  |convolution_int_3_s  |       67|       67|  0.446 us|  0.446 us|   67|   67|       no|
        +-------------------------------+---------------------+---------+---------+----------+----------+-----+-----+---------+

        * Loop: 
        N/A



================================================================
== Utilization Estimates
================================================================
* Summary: 
+---------------------+---------+------+---------+---------+-----+
|         Name        | BRAM_18K|  DSP |    FF   |   LUT   | URAM|
+---------------------+---------+------+---------+---------+-----+
|DSP                  |        -|     -|        -|        -|    -|
|Expression           |        -|     -|        0|        2|    -|
|FIFO                 |        -|     -|        -|        -|    -|
|Instance             |        -|     -|     1652|     1312|    -|
|Memory               |        -|     -|        -|        -|    -|
|Multiplexer          |        -|     -|        -|       35|    -|
|Register             |        -|     -|        5|        -|    -|
+---------------------+---------+------+---------+---------+-----+
|Total                |        0|     0|     1657|     1349|    0|
+---------------------+---------+------+---------+---------+-----+
|Available SLR        |     1440|  2280|   788160|   394080|  320|
+---------------------+---------+------+---------+---------+-----+
|Utilization SLR (%)  |        0|     0|       ~0|       ~0|    0|
+---------------------+---------+------+---------+---------+-----+
|Available            |     4320|  6840|  2364480|  1182240|  960|
+---------------------+---------+------+---------+---------+-----+
|Utilization (%)      |        0|     0|       ~0|       ~0|    0|
+---------------------+---------+------+---------+---------+-----+

+ Detail: 
    * Instance: 
    +-------------------------------+---------------------+---------+----+------+------+-----+
    |            Instance           |        Module       | BRAM_18K| DSP|  FF  |  LUT | URAM|
    +-------------------------------+---------------------+---------+----+------+------+-----+
    |grp_convolution_int_3_s_fu_56  |convolution_int_3_s  |        0|   0|  1652|  1312|    0|
    +-------------------------------+---------------------+---------+----+------+------+-----+
    |Total                          |                     |        0|   0|  1652|  1312|    0|
    +-------------------------------+---------------------+---------+----+------+------+-----+

    * DSP: 
    N/A

    * Memory: 
    N/A

    * FIFO: 
    N/A

    * Expression: 
    +-----------------------------------------------+----------+----+---+----+------------+------------+
    |                 Variable Name                 | Operation| DSP| FF| LUT| Bitwidth P0| Bitwidth P1|
    +-----------------------------------------------+----------+----+---+----+------------+------------+
    |grp_convolution_int_3_s_fu_56_output_r_TREADY  |       and|   0|  0|   2|           1|           1|
    +-----------------------------------------------+----------+----+---+----+------------+------------+
    |Total                                          |          |   0|  0|   2|           1|           1|
    +-----------------------------------------------+----------+----+---+----+------------+------------+

    * Multiplexer: 
    +-----------------------------+----+-----------+-----+-----------+
    |             Name            | LUT| Input Size| Bits| Total Bits|
    +-----------------------------+----+-----------+-----+-----------+
    |ap_NS_fsm                    |  26|          5|    1|          5|
    |image_r_TREADY_int_regslice  |   9|          2|    1|          2|
    +-----------------------------+----+-----------+-----+-----------+
    |Total                        |  35|          7|    2|          7|
    +-----------------------------+----+-----------+-----+-----------+

    * Register: 
    +--------------------------------------------+---+----+-----+-----------+
    |                    Name                    | FF| LUT| Bits| Const Bits|
    +--------------------------------------------+---+----+-----+-----------+
    |ap_CS_fsm                                   |  4|   0|    4|          0|
    |grp_convolution_int_3_s_fu_56_ap_start_reg  |  1|   0|    1|          0|
    +--------------------------------------------+---+----+-----+-----------+
    |Total                                       |  5|   0|    5|          0|
    +--------------------------------------------+---+----+-----+-----------+



================================================================
== Interface
================================================================
* Summary: 
+-------------------+-----+-----+------------+----------------+--------------+
|     RTL Ports     | Dir | Bits|  Protocol  |  Source Object |    C Type    |
+-------------------+-----+-----+------------+----------------+--------------+
|ap_local_block     |  out|    1|  ap_ctrl_hs|  filter3x3_orig|  return value|
|ap_local_deadlock  |  out|    1|  ap_ctrl_hs|  filter3x3_orig|  return value|
|ap_clk             |   in|    1|  ap_ctrl_hs|  filter3x3_orig|  return value|
|ap_rst_n           |   in|    1|  ap_ctrl_hs|  filter3x3_orig|  return value|
|ap_start           |   in|    1|  ap_ctrl_hs|  filter3x3_orig|  return value|
|ap_done            |  out|    1|  ap_ctrl_hs|  filter3x3_orig|  return value|
|ap_idle            |  out|    1|  ap_ctrl_hs|  filter3x3_orig|  return value|
|ap_ready           |  out|    1|  ap_ctrl_hs|  filter3x3_orig|  return value|
|image_r_TDATA      |   in|   32|        axis|         image_r|       pointer|
|image_r_TVALID     |   in|    1|        axis|         image_r|       pointer|
|image_r_TREADY     |  out|    1|        axis|         image_r|       pointer|
|output_r_TDATA     |  out|   32|        axis|        output_r|       pointer|
|output_r_TVALID    |  out|    1|        axis|        output_r|       pointer|
|output_r_TREADY    |   in|    1|        axis|        output_r|       pointer|
+-------------------+-----+-----+------------+----------------+--------------+

